02-Sep-2026 12:26:34.752 INFO [main] org.apache.catalina.startup.VersionLoggerListener.log Server version name:   Apache Tomcat/11.0.25
02-Sep-2026 12:26:34.759 INFO [main] org.apache.catalina.startup.VersionLoggerListener.log Server built:          Aug 12 2026 12:46:04 UTC
02-Sep-2026 12:26:34.760 INFO [main] org.apache.catalina.startup.VersionLoggerListener.log Server version number: 11.0.25.0
02-Sep-2026 12:26:34.760 INFO [main] org.apache.catalina.startup.VersionLoggerListener.log OS Name:               Windows 11
02-Sep-2026 12:26:34.760 INFO [main] org.apache.catalina.startup.VersionLoggerListener.log OS Version:            10.0
02-Sep-2026 12:26:34.761 INFO [main] org.apache.catalina.startup.VersionLoggerListener.log Architecture:          amd64
02-Sep-2026 12:26:34.761 INFO [main] org.apache.catalina.startup.VersionLoggerListener.log Java Home:             C:\Program Files\Java\latest\jdk-21
02-Sep-2026 12:26:34.761 INFO [main] org.apache.catalina.startup.VersionLoggerListener.log JVM Version:           21.0.10+8-LTS-217
02-Sep-2026 12:26:34.761 INFO [main] org.apache.catalina.startup.VersionLoggerListener.log JVM Vendor:            Oracle Corporation
02-Sep-2026 12:26:34.762 INFO [main] org.apache.catalina.startup.VersionLoggerListener.log CATALINA_BASE:         D:\code stuff\java-git-collage\apache-tomcat-11.0.25
02-Sep-2026 12:26:34.762 INFO [main] org.apache.catalina.startup.VersionLoggerListener.log CATALINA_HOME:         D:\code stuff\java-git-collage\apache-tomcat-11.0.25
02-Sep-2026 12:26:34.783 INFO [main] org.apache.catalina.startup.VersionLoggerListener.log Command line argument: -Djava.util.logging.config.file=D:\code stuff\java-git-collage\apache-tomcat-11.0.25\conf\logging.properties
02-Sep-2026 12:26:34.783 INFO [main] org.apache.catalina.startup.VersionLoggerListener.log Command line argument: -Djava.util.logging.manager=org.apache.juli.ClassLoaderLogManager
02-Sep-2026 12:26:34.783 INFO [main] org.apache.catalina.startup.VersionLoggerListener.log Command line argument: -Djdk.tls.ephemeralDHKeySize=2048
02-Sep-2026 12:26:34.783 INFO [main] org.apache.catalina.startup.VersionLoggerListener.log Command line argument: --add-opens=java.base/java.lang=ALL-UNNAMED
02-Sep-2026 12:26:34.783 INFO [main] org.apache.catalina.startup.VersionLoggerListener.log Command line argument: --add-opens=java.base/java.lang.reflect=ALL-UNNAMED
02-Sep-2026 12:26:34.783 INFO [main] org.apache.catalina.startup.VersionLoggerListener.log Command line argument: --add-opens=java.base/java.io=ALL-UNNAMED
02-Sep-2026 12:26:34.785 INFO [main] org.apache.catalina.startup.VersionLoggerListener.log Command line argument: --add-opens=java.base/java.util=ALL-UNNAMED
02-Sep-2026 12:26:34.785 INFO [main] org.apache.catalina.startup.VersionLoggerListener.log Command line argument: --add-opens=java.base/java.util.concurrent=ALL-UNNAMED
02-Sep-2026 12:26:34.785 INFO [main] org.apache.catalina.startup.VersionLoggerListener.log Command line argument: --add-opens=java.rmi/sun.rmi.transport=ALL-UNNAMED
02-Sep-2026 12:26:34.785 INFO [main] org.apache.catalina.startup.VersionLoggerListener.log Command line argument: --enable-native-access=ALL-UNNAMED
02-Sep-2026 12:26:34.785 INFO [main] org.apache.catalina.startup.VersionLoggerListener.log Command line argument: -Dcatalina.base=D:\code stuff\java-git-collage\apache-tomcat-11.0.25
02-Sep-2026 12:26:34.786 INFO [main] org.apache.catalina.startup.VersionLoggerListener.log Command line argument: -Dcatalina.home=D:\code stuff\java-git-collage\apache-tomcat-11.0.25
02-Sep-2026 12:26:34.786 INFO [main] org.apache.catalina.startup.VersionLoggerListener.log Command line argument: -Djava.io.tmpdir=D:\code stuff\java-git-collage\apache-tomcat-11.0.25\temp
02-Sep-2026 12:26:34.793 INFO [main] org.apache.catalina.core.AprLifecycleListener.lifecycleEvent The Apache Tomcat Native library which allows using OpenSSL was not found on the java.library.path: [C:\Program Files\Java\latest\jdk-21\bin;C:\WINDOWS\Sun\Java\bin;C:\WINDOWS\system32;C:\WINDOWS;C:\Program Files\Common Files\Oracle\Java\javapath;C:\Program Files (x86)\VMware\VMware Workstation\bin\;C:\WINDOWS\system32;C:\WINDOWS;C:\WINDOWS\System32\Wbem;C:\WINDOWS\System32\WindowsPowerShell\v1.0\;C:\WINDOWS\System32\OpenSSH\;C:\Program Files (x86)\NVIDIA Corporation\PhysX\Common;C:\Program Files\NVIDIA Corporation\NVIDIA NvDLISR;C:\Program Files\dotnet\;C:\Program Files\Git\cmd;C:\Program Files\MySQL\MySQL Shell 8.0\bin\;C:\Users\Pushpendra\AppData\Local\Microsoft\WindowsApps;C:\Users\Pushpendra\AppData\Local\Programs\Microsoft VS Code\bin;C:\MinGW\bin;;.]
02-Sep-2026 12:26:35.141 INFO [main] org.apache.coyote.AbstractProtocol.init Initializing ProtocolHandler ["http-nio-8080"]
02-Sep-2026 12:26:35.178 INFO [main] org.apache.catalina.startup.Catalina.load Server initialization in [671] milliseconds
02-Sep-2026 12:26:35.245 INFO [main] org.apache.catalina.core.StandardService.startInternal Starting service [Catalina]
02-Sep-2026 12:26:35.245 INFO [main] org.apache.catalina.core.StandardEngine.startInternal Starting Servlet engine: [Apache Tomcat/11.0.25]
02-Sep-2026 12:26:35.260 INFO [main] org.apache.catalina.startup.HostConfig.deployDirectory Deploying web application directory [D:\code stuff\java-git-collage\apache-tomcat-11.0.25\webapps\docs]
02-Sep-2026 12:26:35.710 INFO [main] org.apache.catalina.startup.HostConfig.deployDirectory Deployment of web application directory [D:\code stuff\java-git-collage\apache-tomcat-11.0.25\webapps\docs] has finished in [449] ms
02-Sep-2026 12:26:35.711 INFO [main] org.apache.catalina.startup.HostConfig.deployDirectory Deploying web application directory [D:\code stuff\java-git-collage\apache-tomcat-11.0.25\webapps\examples]
02-Sep-2026 12:26:36.268 INFO [main] org.apache.catalina.startup.HostConfig.deployDirectory Deployment of web application directory [D:\code stuff\java-git-collage\apache-tomcat-11.0.25\webapps\examples] has finished in [557] ms
02-Sep-2026 12:26:36.268 INFO [main] org.apache.catalina.startup.HostConfig.deployDirectory Deploying web application directory [D:\code stuff\java-git-collage\apache-tomcat-11.0.25\webapps\host-manager]
02-Sep-2026 12:26:36.313 INFO [main] org.apache.catalina.startup.HostConfig.deployDirectory Deployment of web application directory [D:\code stuff\java-git-collage\apache-tomcat-11.0.25\webapps\host-manager] has finished in [45] ms
02-Sep-2026 12:26:36.314 INFO [main] org.apache.catalina.startup.HostConfig.deployDirectory Deploying web application directory [D:\code stuff\java-git-collage\apache-tomcat-11.0.25\webapps\manager]
02-Sep-2026 12:26:36.360 INFO [main] org.apache.catalina.startup.HostConfig.deployDirectory Deployment of web application directory [D:\code stuff\java-git-collage\apache-tomcat-11.0.25\webapps\manager] has finished in [46] ms
02-Sep-2026 12:26:36.360 INFO [main] org.apache.catalina.startup.HostConfig.deployDirectory Deploying web application directory [D:\code stuff\java-git-collage\apache-tomcat-11.0.25\webapps\mywebapps]
02-Sep-2026 12:26:36.395 INFO [main] org.apache.catalina.startup.HostConfig.deployDirectory Deployment of web application directory [D:\code stuff\java-git-collage\apache-tomcat-11.0.25\webapps\mywebapps] has finished in [34] ms
02-Sep-2026 12:26:36.395 INFO [main] org.apache.catalina.startup.HostConfig.deployDirectory Deploying web application directory [D:\code stuff\java-git-collage\apache-tomcat-11.0.25\webapps\ROOT]
02-Sep-2026 12:26:36.424 INFO [main] org.apache.catalina.startup.HostConfig.deployDirectory Deployment of web application directory [D:\code stuff\java-git-collage\apache-tomcat-11.0.25\webapps\ROOT] has finished in [29] ms
02-Sep-2026 12:26:36.430 INFO [main] org.apache.coyote.AbstractProtocol.start Starting ProtocolHandler ["http-nio-8080"]
02-Sep-2026 12:26:36.471 INFO [main] org.apache.catalina.startup.Catalina.start Server startup in [1290] milliseconds
02-Sep-2026 12:32:46.993 INFO [Catalina-utility-1] org.apache.catalina.startup.HostConfig.deployDirectory Deploying web application directory [D:\code stuff\java-git-collage\apache-tomcat-11.0.25\webapps\form]
02-Sep-2026 12:32:47.049 INFO [Catalina-utility-1] org.apache.catalina.startup.HostConfig.deployDirectory Deployment of web application directory [D:\code stuff\java-git-collage\apache-tomcat-11.0.25\webapps\form] has finished in [55] ms
