16-Sep-2026 11:42:26.980 INFO [main] org.apache.catalina.startup.VersionLoggerListener.log Server version name:   Apache Tomcat/11.0.25
16-Sep-2026 11:42:26.986 INFO [main] org.apache.catalina.startup.VersionLoggerListener.log Server built:          Aug 12 2026 12:46:04 UTC
16-Sep-2026 11:42:26.987 INFO [main] org.apache.catalina.startup.VersionLoggerListener.log Server version number: 11.0.25.0
16-Sep-2026 11:42:26.987 INFO [main] org.apache.catalina.startup.VersionLoggerListener.log OS Name:               Windows 11
16-Sep-2026 11:42:26.987 INFO [main] org.apache.catalina.startup.VersionLoggerListener.log OS Version:            10.0
16-Sep-2026 11:42:26.987 INFO [main] org.apache.catalina.startup.VersionLoggerListener.log Architecture:          amd64
16-Sep-2026 11:42:26.987 INFO [main] org.apache.catalina.startup.VersionLoggerListener.log Java Home:             C:\Program Files\Java\latest\jdk-21
16-Sep-2026 11:42:26.987 INFO [main] org.apache.catalina.startup.VersionLoggerListener.log JVM Version:           21.0.10+8-LTS-217
16-Sep-2026 11:42:26.987 INFO [main] org.apache.catalina.startup.VersionLoggerListener.log JVM Vendor:            Oracle Corporation
16-Sep-2026 11:42:26.988 INFO [main] org.apache.catalina.startup.VersionLoggerListener.log CATALINA_BASE:         D:\code_stuff\java-git-collage\apache-tomcat-11.0.25
16-Sep-2026 11:42:26.988 INFO [main] org.apache.catalina.startup.VersionLoggerListener.log CATALINA_HOME:         D:\code_stuff\java-git-collage\apache-tomcat-11.0.25
16-Sep-2026 11:42:27.001 INFO [main] org.apache.catalina.startup.VersionLoggerListener.log Command line argument: -Djava.util.logging.config.file=D:\code_stuff\java-git-collage\apache-tomcat-11.0.25\conf\logging.properties
16-Sep-2026 11:42:27.001 INFO [main] org.apache.catalina.startup.VersionLoggerListener.log Command line argument: -Djava.util.logging.manager=org.apache.juli.ClassLoaderLogManager
16-Sep-2026 11:42:27.002 INFO [main] org.apache.catalina.startup.VersionLoggerListener.log Command line argument: -Djdk.tls.ephemeralDHKeySize=2048
16-Sep-2026 11:42:27.002 INFO [main] org.apache.catalina.startup.VersionLoggerListener.log Command line argument: --add-opens=java.base/java.lang=ALL-UNNAMED
16-Sep-2026 11:42:27.002 INFO [main] org.apache.catalina.startup.VersionLoggerListener.log Command line argument: --add-opens=java.base/java.lang.reflect=ALL-UNNAMED
16-Sep-2026 11:42:27.002 INFO [main] org.apache.catalina.startup.VersionLoggerListener.log Command line argument: --add-opens=java.base/java.io=ALL-UNNAMED
16-Sep-2026 11:42:27.002 INFO [main] org.apache.catalina.startup.VersionLoggerListener.log Command line argument: --add-opens=java.base/java.util=ALL-UNNAMED
16-Sep-2026 11:42:27.002 INFO [main] org.apache.catalina.startup.VersionLoggerListener.log Command line argument: --add-opens=java.base/java.util.concurrent=ALL-UNNAMED
16-Sep-2026 11:42:27.003 INFO [main] org.apache.catalina.startup.VersionLoggerListener.log Command line argument: --add-opens=java.rmi/sun.rmi.transport=ALL-UNNAMED
16-Sep-2026 11:42:27.003 INFO [main] org.apache.catalina.startup.VersionLoggerListener.log Command line argument: --enable-native-access=ALL-UNNAMED
16-Sep-2026 11:42:27.004 INFO [main] org.apache.catalina.startup.VersionLoggerListener.log Command line argument: -Dcatalina.base=D:\code_stuff\java-git-collage\apache-tomcat-11.0.25
16-Sep-2026 11:42:27.004 INFO [main] org.apache.catalina.startup.VersionLoggerListener.log Command line argument: -Dcatalina.home=D:\code_stuff\java-git-collage\apache-tomcat-11.0.25
16-Sep-2026 11:42:27.004 INFO [main] org.apache.catalina.startup.VersionLoggerListener.log Command line argument: -Djava.io.tmpdir=D:\code_stuff\java-git-collage\apache-tomcat-11.0.25\temp
16-Sep-2026 11:42:27.012 INFO [main] org.apache.catalina.core.AprLifecycleListener.lifecycleEvent The Apache Tomcat Native library which allows using OpenSSL was not found on the java.library.path: [C:\Program Files\Java\latest\jdk-21\bin;C:\WINDOWS\Sun\Java\bin;C:\WINDOWS\system32;C:\WINDOWS;C:\Program Files\Common Files\Oracle\Java\javapath;C:\Program Files (x86)\VMware\VMware Workstation\bin\;C:\WINDOWS\system32;C:\WINDOWS;C:\WINDOWS\System32\Wbem;C:\WINDOWS\System32\WindowsPowerShell\v1.0\;C:\WINDOWS\System32\OpenSSH\;C:\Program Files (x86)\NVIDIA Corporation\PhysX\Common;C:\Program Files\NVIDIA Corporation\NVIDIA NvDLISR;C:\Program Files\dotnet\;C:\Program Files\Git\cmd;C:\Program Files\MySQL\MySQL Shell 8.0\bin\;C:\Users\Pushpendra\AppData\Local\Microsoft\WindowsApps;C:\Users\Pushpendra\AppData\Local\Programs\Microsoft VS Code\bin;C:\MinGW\bin;;.]
16-Sep-2026 11:42:27.324 INFO [main] org.apache.coyote.AbstractProtocol.init Initializing ProtocolHandler ["http-nio-8080"]
16-Sep-2026 11:42:27.354 INFO [main] org.apache.catalina.startup.Catalina.load Server initialization in [596] milliseconds
16-Sep-2026 11:42:27.416 INFO [main] org.apache.catalina.core.StandardService.startInternal Starting service [Catalina]
16-Sep-2026 11:42:27.416 INFO [main] org.apache.catalina.core.StandardEngine.startInternal Starting Servlet engine: [Apache Tomcat/11.0.25]
16-Sep-2026 11:42:27.431 INFO [main] org.apache.catalina.startup.HostConfig.deployDirectory Deploying web application directory [D:\code_stuff\java-git-collage\apache-tomcat-11.0.25\webapps\docs]
16-Sep-2026 11:42:27.833 INFO [main] org.apache.catalina.startup.HostConfig.deployDirectory Deployment of web application directory [D:\code_stuff\java-git-collage\apache-tomcat-11.0.25\webapps\docs] has finished in [402] ms
16-Sep-2026 11:42:27.835 INFO [main] org.apache.catalina.startup.HostConfig.deployDirectory Deploying web application directory [D:\code_stuff\java-git-collage\apache-tomcat-11.0.25\webapps\examples]
16-Sep-2026 11:42:28.452 INFO [main] org.apache.catalina.startup.HostConfig.deployDirectory Deployment of web application directory [D:\code_stuff\java-git-collage\apache-tomcat-11.0.25\webapps\examples] has finished in [618] ms
16-Sep-2026 11:42:28.453 INFO [main] org.apache.catalina.startup.HostConfig.deployDirectory Deploying web application directory [D:\code_stuff\java-git-collage\apache-tomcat-11.0.25\webapps\form]
16-Sep-2026 11:42:28.494 INFO [main] org.apache.catalina.startup.HostConfig.deployDirectory Deployment of web application directory [D:\code_stuff\java-git-collage\apache-tomcat-11.0.25\webapps\form] has finished in [41] ms
16-Sep-2026 11:42:28.494 INFO [main] org.apache.catalina.startup.HostConfig.deployDirectory Deploying web application directory [D:\code_stuff\java-git-collage\apache-tomcat-11.0.25\webapps\host-manager]
16-Sep-2026 11:42:28.545 INFO [main] org.apache.catalina.startup.HostConfig.deployDirectory Deployment of web application directory [D:\code_stuff\java-git-collage\apache-tomcat-11.0.25\webapps\host-manager] has finished in [50] ms
16-Sep-2026 11:42:28.545 INFO [main] org.apache.catalina.startup.HostConfig.deployDirectory Deploying web application directory [D:\code_stuff\java-git-collage\apache-tomcat-11.0.25\webapps\manager]
16-Sep-2026 11:42:28.594 INFO [main] org.apache.catalina.startup.HostConfig.deployDirectory Deployment of web application directory [D:\code_stuff\java-git-collage\apache-tomcat-11.0.25\webapps\manager] has finished in [47] ms
16-Sep-2026 11:42:28.594 INFO [main] org.apache.catalina.startup.HostConfig.deployDirectory Deploying web application directory [D:\code_stuff\java-git-collage\apache-tomcat-11.0.25\webapps\mywebapps]
16-Sep-2026 11:42:28.623 INFO [main] org.apache.catalina.startup.HostConfig.deployDirectory Deployment of web application directory [D:\code_stuff\java-git-collage\apache-tomcat-11.0.25\webapps\mywebapps] has finished in [28] ms
16-Sep-2026 11:42:28.623 INFO [main] org.apache.catalina.startup.HostConfig.deployDirectory Deploying web application directory [D:\code_stuff\java-git-collage\apache-tomcat-11.0.25\webapps\ROOT]
16-Sep-2026 11:42:28.663 INFO [main] org.apache.catalina.startup.HostConfig.deployDirectory Deployment of web application directory [D:\code_stuff\java-git-collage\apache-tomcat-11.0.25\webapps\ROOT] has finished in [39] ms
16-Sep-2026 11:42:28.668 INFO [main] org.apache.coyote.AbstractProtocol.start Starting ProtocolHandler ["http-nio-8080"]
16-Sep-2026 11:42:28.707 INFO [main] org.apache.catalina.startup.Catalina.start Server startup in [1350] milliseconds
16-Sep-2026 11:44:01.499 INFO [main] org.apache.catalina.core.StandardServer.await A valid shutdown command was received via the shutdown port. Stopping the Server instance.
16-Sep-2026 11:44:01.500 INFO [main] org.apache.coyote.AbstractProtocol.pause Pausing ProtocolHandler ["http-nio-8080"]
16-Sep-2026 11:44:01.520 INFO [main] org.apache.catalina.core.StandardService.stopInternal Stopping service [Catalina]
16-Sep-2026 11:44:01.568 INFO [main] org.apache.coyote.AbstractProtocol.stop Stopping ProtocolHandler ["http-nio-8080"]
16-Sep-2026 11:44:01.579 INFO [main] org.apache.coyote.AbstractProtocol.destroy Destroying ProtocolHandler ["http-nio-8080"]
